The following modules were not unloaded:
  (Use "module --force purge" to unload all):

  1) CCconfig        6)  ucx/1.14.1         11) flexiblas/3.3.1
  2) gentoo/2023     7)  libfabric/1.18.0   12) imkl/2023.2.0
  3) gcccore/.12.3   8)  pmix/4.2.4         13) StdEnv/2023
  4) gcc/12.3        9)  ucc/1.2.0
  5) hwloc/2.9.1     10) openmpi/4.1.5
2026-02-28 01:43:12,582 - INFO - Experiment Dir: work_dirs/.tmp_9473711_v1_vanilla_fast_baseline_20260228_014312
/project/6083632/SihanZhang/deinterlacingGit/deinterlacing-module/motionVectorDeinterlacing/apis/train_runner.py:43: FutureWarning: `torch.cuda.amp.GradScaler(args...)` is deprecated. Please use `torch.amp.GradScaler('cuda', args...)` instead.
  self.scaler = GradScaler()
/project/6083632/SihanZhang/deinterlacingGit/deinterlacing-module/motionVectorDeinterlacing/apis/train_runner.py:43: FutureWarning: `torch.cuda.amp.GradScaler(args...)` is deprecated. Please use `torch.amp.GradScaler('cuda', args...)` instead.
  self.scaler = GradScaler()
/project/6083632/SihanZhang/deinterlacingGit/deinterlacing-module/motionVectorDeinterlacing/apis/train_runner.py:110: FutureWarning: `torch.cuda.amp.autocast(args...)` is deprecated. Please use `torch.amp.autocast('cuda', args...)` instead.
  with autocast():
/project/6083632/SihanZhang/deinterlacingGit/deinterlacing-module/motionVectorDeinterlacing/apis/train_runner.py:110: FutureWarning: `torch.cuda.amp.autocast(args...)` is deprecated. Please use `torch.amp.autocast('cuda', args...)` instead.
  with autocast():
/project/6083632/SihanZhang/deinterlacing/.venv/lib/python3.11/site-packages/torch/distributed/distributed_c10d.py:4807: UserWarning: No device id is provided via `init_process_group` or `barrier `. Using the current device set by the user. 
  warnings.warn(  # warn only once
/project/6083632/SihanZhang/deinterlacing/.venv/lib/python3.11/site-packages/torch/distributed/distributed_c10d.py:4807: UserWarning: No device id is provided via `init_process_group` or `barrier `. Using the current device set by the user. 
  warnings.warn(  # warn only once
[rank0]: Traceback (most recent call last):
[rank0]:   File "/project/6083632/SihanZhang/deinterlacingGit/deinterlacing-module/train.py", line 94, in <module>
[rank0]:     main()
[rank0]:   File "/project/6083632/SihanZhang/deinterlacingGit/deinterlacing-module/train.py", line 91, in main
[rank0]:     runner.train()
[rank0]:   File "/project/6083632/SihanZhang/deinterlacingGit/deinterlacing-module/motionVectorDeinterlacing/apis/train_runner.py", line 173, in train
[rank0]:     self.evaluate(epoch)
[rank0]:   File "/project/6083632/SihanZhang/deinterlacing/.venv/lib/python3.11/site-packages/torch/utils/_contextlib.py", line 120, in decorate_context
[rank0]:     return func(*args, **kwargs)
[rank0]:            ^^^^^^^^^^^^^^^^^^^^^
[rank0]:   File "/project/6083632/SihanZhang/deinterlacingGit/deinterlacing-module/motionVectorDeinterlacing/apis/train_runner.py", line 201, in evaluate
[rank0]:     sr_outs = eval_model(imgs, mv_fwd, field_ids)
[rank0]:               ^^^^^^^^^^^^^^^^^^^^^^^^^^^^^^^^^^^
[rank0]:   File "/project/6083632/SihanZhang/deinterlacing/.venv/lib/python3.11/site-packages/torch/nn/modules/module.py", line 1773, in _wrapped_call_impl
[rank0]:     return self._call_impl(*args, **kwargs)
[rank0]:            ^^^^^^^^^^^^^^^^^^^^^^^^^^^^^^^^
[rank0]:   File "/project/6083632/SihanZhang/deinterlacing/.venv/lib/python3.11/site-packages/torch/nn/modules/module.py", line 1784, in _call_impl
[rank0]:     return forward_call(*args, **kwargs)
[rank0]:            ^^^^^^^^^^^^^^^^^^^^^^^^^^^^^
[rank0]:   File "/project/6083632/SihanZhang/deinterlacingGit/deinterlacing-module/motionVectorDeinterlacing/models/architectures/mvd_net.py", line 333, in forward
[rank0]:     self.h_fwd_cache = (h_tm1, h_tm2, feat_tm1, feat_tm2)
[rank0]:     ^^^^^^^^^^^^^^^^
[rank0]:   File "/project/6083632/SihanZhang/deinterlacing/.venv/lib/python3.11/site-packages/torch/nn/modules/module.py", line 2028, in __setattr__
[rank0]:     raise TypeError(
[rank0]: TypeError: cannot assign 'tuple' as buffer 'h_fwd_cache' (torch.nn.Buffer, torch.Tensor or None expected)
[rank0]:[W228 02:53:43.297752128 ProcessGroupNCCL.cpp:1538] Warning: WARNING: destroy_process_group() was not called before program exit, which can leak resources. For more info, please see https://pytorch.org/docs/stable/distributed.html#shutdown (function operator())
W0228 02:53:45.000000 622740 torch/distributed/elastic/multiprocessing/api.py:900] Sending process 622765 closing signal SIGTERM
E0228 02:53:45.011000 622740 torch/distributed/elastic/multiprocessing/api.py:874] failed (exitcode: 1) local_rank: 0 (pid: 622764) of binary: /project/6083632/SihanZhang/deinterlacing/.venv/bin/python3
Traceback (most recent call last):
  File "/project/6083632/SihanZhang/deinterlacing/.venv/bin/torchrun", line 10, in <module>
    sys.exit(main())
             ^^^^^^
  File "/project/6083632/SihanZhang/deinterlacing/.venv/lib/python3.11/site-packages/torch/distributed/elastic/multiprocessing/errors/__init__.py", line 357, in wrapper
    return f(*args, **kwargs)
           ^^^^^^^^^^^^^^^^^^
  File "/project/6083632/SihanZhang/deinterlacing/.venv/lib/python3.11/site-packages/torch/distributed/run.py", line 901, in main
    run(args)
  File "/project/6083632/SihanZhang/deinterlacing/.venv/lib/python3.11/site-packages/torch/distributed/run.py", line 892, in run
    elastic_launch(
  File "/project/6083632/SihanZhang/deinterlacing/.venv/lib/python3.11/site-packages/torch/distributed/launcher/api.py", line 143, in __call__
    return launch_agent(self._config, self._entrypoint, list(args))
           ^^^^^^^^^^^^^^^^^^^^^^^^^^^^^^^^^^^^^^^^^^^^^^^^^^^^^^^^
  File "/project/6083632/SihanZhang/deinterlacing/.venv/lib/python3.11/site-packages/torch/distributed/launcher/api.py", line 277, in launch_agent
    raise ChildFailedError(
torch.distributed.elastic.multiprocessing.errors.ChildFailedError: 
============================================================
train.py FAILED
------------------------------------------------------------
Failures:
  <NO_OTHER_FAILURES>
------------------------------------------------------------
Root Cause (first observed failure):
[0]:
  time      : 2026-02-28_02:53:45
  host      : g15
  rank      : 0 (local_rank: 0)
  exitcode  : 1 (pid: 622764)
  error_file: <N/A>
  traceback : To enable traceback see: https://pytorch.org/docs/stable/elastic/errors.html
============================================================
