/var/spool/slurmd/job9461317/slurm_script: line 13: cd: /home/sihanuo/projects/def-jyzhao/SihanZhang/deinterlacing/deinterlacing-module: No such file or directory
The following modules were not unloaded:
  (Use "module --force purge" to unload all):

  1) CCconfig        6)  ucx/1.14.1         11) flexiblas/3.3.1
  2) gentoo/2023     7)  libfabric/1.18.0   12) imkl/2023.2.0
  3) gcccore/.12.3   8)  pmix/4.2.4         13) StdEnv/2023
  4) gcc/12.3        9)  ucc/1.2.0
  5) hwloc/2.9.1     10) openmpi/4.1.5
/project/6083632/SihanZhang/deinterlacing/.venv/bin/python3: can't open file '/project/6083632/SihanZhang/deinterlacingGit/deinterlacing-module/scripts/train.py': [Errno 2] No such file or directory
/project/6083632/SihanZhang/deinterlacing/.venv/bin/python3: can't open file '/project/6083632/SihanZhang/deinterlacingGit/deinterlacing-module/scripts/train.py': [Errno 2] No such file or directory
E0227 19:33:47.394000 490992 torch/distributed/elastic/multiprocessing/api.py:874] failed (exitcode: 2) local_rank: 0 (pid: 491214) of binary: /project/6083632/SihanZhang/deinterlacing/.venv/bin/python3
Traceback (most recent call last):
  File "/project/6083632/SihanZhang/deinterlacing/.venv/bin/torchrun", line 10, in <module>
    sys.exit(main())
             ^^^^^^
  File "/project/6083632/SihanZhang/deinterlacing/.venv/lib/python3.11/site-packages/torch/distributed/elastic/multiprocessing/errors/__init__.py", line 357, in wrapper
    return f(*args, **kwargs)
           ^^^^^^^^^^^^^^^^^^
  File "/project/6083632/SihanZhang/deinterlacing/.venv/lib/python3.11/site-packages/torch/distributed/run.py", line 901, in main
    run(args)
  File "/project/6083632/SihanZhang/deinterlacing/.venv/lib/python3.11/site-packages/torch/distributed/run.py", line 892, in run
    elastic_launch(
  File "/project/6083632/SihanZhang/deinterlacing/.venv/lib/python3.11/site-packages/torch/distributed/launcher/api.py", line 143, in __call__
    return launch_agent(self._config, self._entrypoint, list(args))
           ^^^^^^^^^^^^^^^^^^^^^^^^^^^^^^^^^^^^^^^^^^^^^^^^^^^^^^^^
  File "/project/6083632/SihanZhang/deinterlacing/.venv/lib/python3.11/site-packages/torch/distributed/launcher/api.py", line 277, in launch_agent
    raise ChildFailedError(
torch.distributed.elastic.multiprocessing.errors.ChildFailedError: 
============================================================
train.py FAILED
------------------------------------------------------------
Failures:
[1]:
  time      : 2026-02-27_19:33:47
  host      : g20
  rank      : 1 (local_rank: 1)
  exitcode  : 2 (pid: 491215)
  error_file: <N/A>
  traceback : To enable traceback see: https://pytorch.org/docs/stable/elastic/errors.html
------------------------------------------------------------
Root Cause (first observed failure):
[0]:
  time      : 2026-02-27_19:33:47
  host      : g20
  rank      : 0 (local_rank: 0)
  exitcode  : 2 (pid: 491214)
  error_file: <N/A>
  traceback : To enable traceback see: https://pytorch.org/docs/stable/elastic/errors.html
============================================================
