The following modules were not unloaded:
  (Use "module --force purge" to unload all):

  1) CCconfig        6)  ucx/1.14.1         11) flexiblas/3.3.1
  2) gentoo/2023     7)  libfabric/1.18.0   12) imkl/2023.2.0
  3) gcccore/.12.3   8)  pmix/4.2.4         13) StdEnv/2023
  4) gcc/12.3        9)  ucc/1.2.0
  5) hwloc/2.9.1     10) openmpi/4.1.5
2026-02-28 20:58:20,489 - INFO - Experiment Dir: work_dirs/.tmp_9528086_v2_sota_attention_convex_20260228_205820
/project/6083632/SihanZhang/deinterlacingGit/deinterlacing-module/motionVectorDeinterlacing/apis/train_runner.py:43: FutureWarning: `torch.cuda.amp.GradScaler(args...)` is deprecated. Please use `torch.amp.GradScaler('cuda', args...)` instead.
  self.scaler = GradScaler()
/project/6083632/SihanZhang/deinterlacingGit/deinterlacing-module/motionVectorDeinterlacing/apis/train_runner.py:43: FutureWarning: `torch.cuda.amp.GradScaler(args...)` is deprecated. Please use `torch.amp.GradScaler('cuda', args...)` instead.
  self.scaler = GradScaler()
/project/6083632/SihanZhang/deinterlacingGit/deinterlacing-module/motionVectorDeinterlacing/apis/train_runner.py:110: FutureWarning: `torch.cuda.amp.autocast(args...)` is deprecated. Please use `torch.amp.autocast('cuda', args...)` instead.
  with autocast():
/project/6083632/SihanZhang/deinterlacingGit/deinterlacing-module/motionVectorDeinterlacing/apis/train_runner.py:110: FutureWarning: `torch.cuda.amp.autocast(args...)` is deprecated. Please use `torch.amp.autocast('cuda', args...)` instead.
  with autocast():
/project/6083632/SihanZhang/deinterlacingGit/deinterlacing-module/motionVectorDeinterlacing/apis/train_runner.py:110: FutureWarning: `torch.cuda.amp.autocast(args...)` is deprecated. Please use `torch.amp.autocast('cuda', args...)` instead.
  with autocast():
/project/6083632/SihanZhang/deinterlacingGit/deinterlacing-module/motionVectorDeinterlacing/apis/train_runner.py:110: FutureWarning: `torch.cuda.amp.autocast(args...)` is deprecated. Please use `torch.amp.autocast('cuda', args...)` instead.
  with autocast():
/project/6083632/SihanZhang/deinterlacingGit/deinterlacing-module/motionVectorDeinterlacing/apis/train_runner.py:110: FutureWarning: `torch.cuda.amp.autocast(args...)` is deprecated. Please use `torch.amp.autocast('cuda', args...)` instead.
  with autocast():
/project/6083632/SihanZhang/deinterlacingGit/deinterlacing-module/motionVectorDeinterlacing/apis/train_runner.py:110: FutureWarning: `torch.cuda.amp.autocast(args...)` is deprecated. Please use `torch.amp.autocast('cuda', args...)` instead.
  with autocast():
/project/6083632/SihanZhang/deinterlacing/.venv/lib/python3.11/site-packages/torch/distributed/distributed_c10d.py:4807: UserWarning: No device id is provided via `init_process_group` or `barrier `. Using the current device set by the user. 
  warnings.warn(  # warn only once
/project/6083632/SihanZhang/deinterlacing/.venv/lib/python3.11/site-packages/torch/distributed/distributed_c10d.py:4807: UserWarning: No device id is provided via `init_process_group` or `barrier `. Using the current device set by the user. 
  warnings.warn(  # warn only once
slurmstepd: error: *** JOB 9528086 ON g20 CANCELLED AT 2026-02-28T21:46:09 ***
